---
source: crates/ruff_linter/src/rules/flake8_pyi/mod.rs
---
PYI013.pyi:5:5: PYI013 [*] Non-empty class body must not contain `...`
  |
3 | class OneAttributeClass:
4 |     value: int
5 |     ...
  |     ^^^ PYI013
6 |
7 | class OneAttributeClass2:
  |
  = help: Remove unnecessary `...`

ℹ Safe fix
2 2 | 
3 3 | class OneAttributeClass:
4 4 |     value: int
5   |-    ...
6 5 | 
7 6 | class OneAttributeClass2:
8 7 |     ...

PYI013.pyi:8:5: PYI013 [*] Non-empty class body must not contain `...`
  |
7 | class OneAttributeClass2:
8 |     ...
  |     ^^^ PYI013
9 |     value: int
  |
  = help: Remove unnecessary `...`

ℹ Safe fix
5 5 |     ...
6 6 | 
7 7 | class OneAttributeClass2:
8   |-    ...
9 8 |     value: int
10 9 | 
11 10 | class MyClass:

PYI013.pyi:12:5: PYI013 [*] Non-empty class body must not contain `...`
   |
11 | class MyClass:
12 |     ...
   |     ^^^ PYI013
13 |     value: int
   |
   = help: Remove unnecessary `...`

ℹ Safe fix
9  9  |     value: int
10 10 | 
11 11 | class MyClass:
12    |-    ...
13 12 |     value: int
14 13 | 
15 14 | class TwoEllipsesClass:

PYI013.pyi:16:5: PYI013 [*] Non-empty class body must not contain `...`
   |
15 | class TwoEllipsesClass:
16 |     ...
   |     ^^^ PYI013
17 |     ...
   |
   = help: Remove unnecessary `...`

ℹ Safe fix
14 14 | 
15 15 | class TwoEllipsesClass:
16 16 |     ...
17    |-    ...
18 17 | 
19 18 | class DocstringClass:
20 19 |     """

PYI013.pyi:17:5: PYI013 [*] Non-empty class body must not contain `...`
   |
15 | class TwoEllipsesClass:
16 |     ...
17 |     ...
   |     ^^^ PYI013
18 |
19 | class DocstringClass:
   |
   = help: Remove unnecessary `...`

ℹ Safe fix
14 14 | 
15 15 | class TwoEllipsesClass:
16 16 |     ...
17    |-    ...
18 17 | 
19 18 | class DocstringClass:
20 19 |     """

PYI013.pyi:24:5: PYI013 [*] Non-empty class body must not contain `...`
   |
22 |     """
23 |
24 |     ...
   |     ^^^ PYI013
25 |
26 | class NonEmptyChild(Exception):
   |
   = help: Remove unnecessary `...`

ℹ Safe fix
21 21 |     My body only contains an ellipsis.
22 22 |     """
23 23 | 
24    |-    ...
25 24 | 
26 25 | class NonEmptyChild(Exception):
27 26 |     value: int

PYI013.pyi:28:5: PYI013 [*] Non-empty class body must not contain `...`
   |
26 | class NonEmptyChild(Exception):
27 |     value: int
28 |     ...
   |     ^^^ PYI013
29 |
30 | class NonEmptyChild2(Exception):
   |
   = help: Remove unnecessary `...`

ℹ Safe fix
25 25 | 
26 26 | class NonEmptyChild(Exception):
27 27 |     value: int
28    |-    ...
29 28 | 
30 29 | class NonEmptyChild2(Exception):
31 30 |     ...

PYI013.pyi:31:5: PYI013 [*] Non-empty class body must not contain `...`
   |
30 | class NonEmptyChild2(Exception):
31 |     ...
   |     ^^^ PYI013
32 |     value: int
   |
   = help: Remove unnecessary `...`

ℹ Safe fix
28 28 |     ...
29 29 | 
30 30 | class NonEmptyChild2(Exception):
31    |-    ...
32 31 |     value: int
33 32 | 
34 33 | class NonEmptyWithInit:

PYI013.pyi:36:5: PYI013 [*] Non-empty class body must not contain `...`
   |
34 | class NonEmptyWithInit:
35 |     value: int
36 |     ...
   |     ^^^ PYI013
37 |
38 |     def __init__():
   |
   = help: Remove unnecessary `...`

ℹ Safe fix
33 33 | 
34 34 | class NonEmptyWithInit:
35 35 |     value: int
36    |-    ...
37 36 | 
38 37 |     def __init__():
39 38 |         pass

PYI013.pyi:43:5: PYI013 [*] Non-empty class body must not contain `...`
   |
41 | class NonEmptyChildWithInlineComment:
42 |     value: int
43 |     ... # preserve me
   |     ^^^ PYI013
44 |
45 | # Not violations
   |
   = help: Remove unnecessary `...`

ℹ Safe fix
40 40 | 
41 41 | class NonEmptyChildWithInlineComment:
42 42 |     value: int
43    |-    ... # preserve me
   43 |+    # preserve me
44 44 | 
45 45 | # Not violations
46 46 |
